{
  "version": "1.5.0",
  "plugins_used": [
    {
      "name": "ArtifactoryDetector"
    },
    {
      "name": "AWSKeyDetector"
    },
    {
      "name": "AzureStorageKeyDetector"
    },
    {
      "name": "Base64HighEntropyString",
      "limit": 4.5
    },
    {
      "name": "BasicAuthDetector"
    },
    {
      "name": "CloudantDetector"
    },
    {
      "name": "DiscordBotTokenDetector"
    },
    {
      "name": "GitHubTokenDetector"
    },
    {
      "name": "GitLabTokenDetector"
    },
    {
      "name": "HexHighEntropyString",
      "limit": 3.0
    },
    {
      "name": "IbmCloudIamDetector"
    },
    {
      "name": "IbmCosHmacDetector"
    },
    {
      "name": "IPPublicDetector"
    },
    {
      "name": "JwtTokenDetector"
    },
    {
      "name": "KeywordDetector",
      "keyword_exclude": ""
    },
    {
      "name": "MailchimpDetector"
    },
    {
      "name": "NpmDetector"
    },
    {
      "name": "OpenAIDetector"
    },
    {
      "name": "PrivateKeyDetector"
    },
    {
      "name": "PypiTokenDetector"
    },
    {
      "name": "SendGridDetector"
    },
    {
      "name": "SlackDetector"
    },
    {
      "name": "SoftlayerDetector"
    },
    {
      "name": "SquareOAuthDetector"
    },
    {
      "name": "StripeDetector"
    },
    {
      "name": "TelegramBotTokenDetector"
    },
    {
      "name": "TwilioKeyDetector"
    }
  ],
  "filters_used": [
    {
      "path": "detect_secrets.filters.allowlist.is_line_allowlisted"
    },
    {
      "path": "detect_secrets.filters.common.is_baseline_file",
      "filename": ".secrets.baseline"
    },
    {
      "path": "detect_secrets.filters.common.is_ignored_due_to_verification_policies",
      "min_level": 2
    },
    {
      "path": "detect_secrets.filters.heuristic.is_indirect_reference"
    },
    {
      "path": "detect_secrets.filters.heuristic.is_likely_id_string"
    },
    {
      "path": "detect_secrets.filters.heuristic.is_lock_file"
    },
    {
      "path": "detect_secrets.filters.heuristic.is_not_alphanumeric_string"
    },
    {
      "path": "detect_secrets.filters.heuristic.is_potential_uuid"
    },
    {
      "path": "detect_secrets.filters.heuristic.is_sequential_string"
    },
    {
      "path": "detect_secrets.filters.heuristic.is_swagger_file"
    },
    {
      "path": "detect_secrets.filters.heuristic.is_templated_secret"
    }
  ],
  "results": {
    ".env.example": [
      {
        "type": "Basic Auth Credentials",
        "filename": ".env.example",
        "hashed_secret": "b34a22e4c65102b412329174ef7ed71df1549f06",
        "is_verified": false,
        "line_number": 23,
        "is_secret": false
      }
    ],
    ".env.local.example": [
      {
        "type": "Basic Auth Credentials",
        "filename": ".env.local.example",
        "hashed_secret": "b34a22e4c65102b412329174ef7ed71df1549f06",
        "is_verified": false,
        "line_number": 12,
        "is_secret": false
      }
    ],
    ".github/workflows/ci-backend.yml": [
      {
        "type": "Secret Keyword",
        "filename": ".github/workflows/ci-backend.yml",
        "hashed_secret": "523ce3b8ff6632c561b0b489e22d0a0943be4d2a",
        "is_verified": false,
        "line_number": 22,
        "is_secret": false
      },
      {
        "type": "Basic Auth Credentials",
        "filename": ".github/workflows/ci-backend.yml",
        "hashed_secret": "a1f657f3457c3c1dbb68a8d5f536f2ab78b8f9bc",
        "is_verified": false,
        "line_number": 24,
        "is_secret": false
      },
      {
        "type": "Secret Keyword",
        "filename": ".github/workflows/ci-backend.yml",
        "hashed_secret": "a1f657f3457c3c1dbb68a8d5f536f2ab78b8f9bc",
        "is_verified": false,
        "line_number": 42,
        "is_secret": false
      }
    ],
    "backend/apps/core/tests/conftest.py": [
      {
        "type": "Secret Keyword",
        "filename": "backend/apps/core/tests/conftest.py",
        "hashed_secret": "bb236d7fe31a618809eb1f8a90d4640857bebef0",
        "is_verified": false,
        "line_number": 19,
        "is_secret": false
      }
    ],
    "backend/apps/core/tests/test_health_security.py": [
      {
        "type": "Basic Auth Credentials",
        "filename": "backend/apps/core/tests/test_health_security.py",
        "hashed_secret": "9d4e1e23bd5b727046a9e3b4b7db57bd8d6ee684",
        "is_verified": false,
        "line_number": 69,
        "is_secret": false
      }
    ],
    "backend/apps/core/tests/test_secret_redactor.py": [
      {
        "type": "Secret Keyword",
        "filename": "backend/apps/core/tests/test_secret_redactor.py",
        "hashed_secret": "96b829486bbf61dc1d956dd7594de428d6a518da",
        "is_verified": false,
        "line_number": 52,
        "is_secret": false
      }
    ],
    "backend/apps/core/tests/test_security.py": [
      {
        "type": "Secret Keyword",
        "filename": "backend/apps/core/tests/test_security.py",
        "hashed_secret": "8bf6528989d36628d8f066adc9d1df2bc6890e8d",
        "is_verified": false,
        "line_number": 135,
        "is_secret": false
      }
    ],
    "backend/apps/identity/constants.py": [
      {
        "type": "Secret Keyword",
        "filename": "backend/apps/identity/constants.py",
        "hashed_secret": "f62d96ed6ce9b19ada62d8f2c9d9b1c2bdb6c5d0",
        "is_verified": false,
        "line_number": 60,
        "is_secret": false
      }
    ],
    "backend/apps/identity/tests/test_authentication.py": [
      {
        "type": "Secret Keyword",
        "filename": "backend/apps/identity/tests/test_authentication.py",
        "hashed_secret": "85b6b80c17e296ae8c74848caab561628b0cdefa",
        "is_verified": false,
        "line_number": 46,
        "is_secret": false
      }
    ],
    "backend/apps/identity/tests/test_authz_permissions.py": [
      {
        "type": "Secret Keyword",
        "filename": "backend/apps/identity/tests/test_authz_permissions.py",
        "hashed_secret": "1b6daada1abffd1e5cebdd8a7b20ee52c8d1806a",
        "is_verified": false,
        "line_number": 279,
        "is_secret": false
      }
    ],
    "backend/apps/identity/tests/test_device_binding.py": [
      {
        "type": "Secret Keyword",
        "filename": "backend/apps/identity/tests/test_device_binding.py",
        "hashed_secret": "85b6b80c17e296ae8c74848caab561628b0cdefa",
        "is_verified": false,
        "line_number": 66,
        "is_secret": false
      }
    ],
    "backend/apps/identity/tests/test_device_reset.py": [
      {
        "type": "Secret Keyword",
        "filename": "backend/apps/identity/tests/test_device_reset.py",
        "hashed_secret": "85b6b80c17e296ae8c74848caab561628b0cdefa",
        "is_verified": false,
        "line_number": 39,
        "is_secret": false
      }
    ],
    "backend/apps/identity/tests/test_device_reset_endpoint.py": [
      {
        "type": "Secret Keyword",
        "filename": "backend/apps/identity/tests/test_device_reset_endpoint.py",
        "hashed_secret": "85b6b80c17e296ae8c74848caab561628b0cdefa",
        "is_verified": false,
        "line_number": 27,
        "is_secret": false
      }
    ],
    "backend/apps/identity/tests/test_device_session_mfa_constraints.py": [
      {
        "type": "Secret Keyword",
        "filename": "backend/apps/identity/tests/test_device_session_mfa_constraints.py",
        "hashed_secret": "c01c60f520649cdf717eb0dddd446c47700b801d",
        "is_verified": false,
        "line_number": 37,
        "is_secret": false
      }
    ],
    "backend/apps/identity/tests/test_devices_me_endpoint.py": [
      {
        "type": "Secret Keyword",
        "filename": "backend/apps/identity/tests/test_devices_me_endpoint.py",
        "hashed_secret": "85b6b80c17e296ae8c74848caab561628b0cdefa",
        "is_verified": false,
        "line_number": 28,
        "is_secret": false
      }
    ],
    "backend/apps/identity/tests/test_identity_constraints.py": [
      {
        "type": "Secret Keyword",
        "filename": "backend/apps/identity/tests/test_identity_constraints.py",
        "hashed_secret": "c01c60f520649cdf717eb0dddd446c47700b801d",
        "is_verified": false,
        "line_number": 65,
        "is_secret": false
      }
    ],
    "backend/apps/identity/tests/test_login.py": [
      {
        "type": "Secret Keyword",
        "filename": "backend/apps/identity/tests/test_login.py",
        "hashed_secret": "85b6b80c17e296ae8c74848caab561628b0cdefa",
        "is_verified": false,
        "line_number": 28,
        "is_secret": false
      },
      {
        "type": "Secret Keyword",
        "filename": "backend/apps/identity/tests/test_login.py",
        "hashed_secret": "1d5e249ab4fae7bfc0f80351c85ec9856761c9e5",
        "is_verified": false,
        "line_number": 85,
        "is_secret": false
      }
    ],
    "backend/apps/identity/tests/test_login_endpoint.py": [
      {
        "type": "Secret Keyword",
        "filename": "backend/apps/identity/tests/test_login_endpoint.py",
        "hashed_secret": "85b6b80c17e296ae8c74848caab561628b0cdefa",
        "is_verified": false,
        "line_number": 25,
        "is_secret": false
      },
      {
        "type": "Secret Keyword",
        "filename": "backend/apps/identity/tests/test_login_endpoint.py",
        "hashed_secret": "1d5e249ab4fae7bfc0f80351c85ec9856761c9e5",
        "is_verified": false,
        "line_number": 220,
        "is_secret": false
      }
    ],
    "backend/apps/identity/tests/test_logout.py": [
      {
        "type": "Secret Keyword",
        "filename": "backend/apps/identity/tests/test_logout.py",
        "hashed_secret": "85b6b80c17e296ae8c74848caab561628b0cdefa",
        "is_verified": false,
        "line_number": 27,
        "is_secret": false
      }
    ],
    "backend/apps/identity/tests/test_metrics_increments.py": [
      {
        "type": "Secret Keyword",
        "filename": "backend/apps/identity/tests/test_metrics_increments.py",
        "hashed_secret": "85b6b80c17e296ae8c74848caab561628b0cdefa",
        "is_verified": false,
        "line_number": 34,
        "is_secret": false
      },
      {
        "type": "Secret Keyword",
        "filename": "backend/apps/identity/tests/test_metrics_increments.py",
        "hashed_secret": "1d5e249ab4fae7bfc0f80351c85ec9856761c9e5",
        "is_verified": false,
        "line_number": 111,
        "is_secret": false
      }
    ],
    "backend/apps/identity/tests/test_password_change.py": [
      {
        "type": "Secret Keyword",
        "filename": "backend/apps/identity/tests/test_password_change.py",
        "hashed_secret": "85b6b80c17e296ae8c74848caab561628b0cdefa",
        "is_verified": false,
        "line_number": 27,
        "is_secret": false
      },
      {
        "type": "Secret Keyword",
        "filename": "backend/apps/identity/tests/test_password_change.py",
        "hashed_secret": "ee5d2e647bf9232522c646c0ca783cfea6e6d6d8",
        "is_verified": false,
        "line_number": 28,
        "is_secret": false
      },
      {
        "type": "Secret Keyword",
        "filename": "backend/apps/identity/tests/test_password_change.py",
        "hashed_secret": "d810c731ffa73c892ab603e3293df3957c3cb419",
        "is_verified": false,
        "line_number": 217,
        "is_secret": false
      },
      {
        "type": "Secret Keyword",
        "filename": "backend/apps/identity/tests/test_password_change.py",
        "hashed_secret": "5fa81d16ab509013fbd00f50dbbd15e27e1dd586",
        "is_verified": false,
        "line_number": 288,
        "is_secret": false
      }
    ],
    "backend/apps/identity/tests/test_profile_endpoint.py": [
      {
        "type": "Secret Keyword",
        "filename": "backend/apps/identity/tests/test_profile_endpoint.py",
        "hashed_secret": "85b6b80c17e296ae8c74848caab561628b0cdefa",
        "is_verified": false,
        "line_number": 27,
        "is_secret": false
      }
    ],
    "backend/apps/identity/tests/test_refresh.py": [
      {
        "type": "Secret Keyword",
        "filename": "backend/apps/identity/tests/test_refresh.py",
        "hashed_secret": "85b6b80c17e296ae8c74848caab561628b0cdefa",
        "is_verified": false,
        "line_number": 38,
        "is_secret": false
      }
    ],
    "backend/apps/identity/tests/test_refresh_endpoint.py": [
      {
        "type": "Secret Keyword",
        "filename": "backend/apps/identity/tests/test_refresh_endpoint.py",
        "hashed_secret": "85b6b80c17e296ae8c74848caab561628b0cdefa",
        "is_verified": false,
        "line_number": 25,
        "is_secret": false
      }
    ],
    "backend/apps/identity/tests/test_registration.py": [
      {
        "type": "Secret Keyword",
        "filename": "backend/apps/identity/tests/test_registration.py",
        "hashed_secret": "85b6b80c17e296ae8c74848caab561628b0cdefa",
        "is_verified": false,
        "line_number": 26,
        "is_secret": false
      },
      {
        "type": "Secret Keyword",
        "filename": "backend/apps/identity/tests/test_registration.py",
        "hashed_secret": "cdcee174fffe68f5e0c21419e08e5ab199740f52",
        "is_verified": false,
        "line_number": 259,
        "is_secret": false
      }
    ],
    "backend/apps/identity/tests/test_sessions_endpoint.py": [
      {
        "type": "Secret Keyword",
        "filename": "backend/apps/identity/tests/test_sessions_endpoint.py",
        "hashed_secret": "85b6b80c17e296ae8c74848caab561628b0cdefa",
        "is_verified": false,
        "line_number": 30,
        "is_secret": false
      }
    ],
    "backend/apps/identity/tests/test_step_up.py": [
      {
        "type": "Secret Keyword",
        "filename": "backend/apps/identity/tests/test_step_up.py",
        "hashed_secret": "85b6b80c17e296ae8c74848caab561628b0cdefa",
        "is_verified": false,
        "line_number": 22,
        "is_secret": false
      }
    ],
    "backend/apps/identity/tests/test_step_up_endpoint.py": [
      {
        "type": "Secret Keyword",
        "filename": "backend/apps/identity/tests/test_step_up_endpoint.py",
        "hashed_secret": "85b6b80c17e296ae8c74848caab561628b0cdefa",
        "is_verified": false,
        "line_number": 22,
        "is_secret": false
      }
    ],
    "backend/apps/identity/tests/test_token_service.py": [
      {
        "type": "Secret Keyword",
        "filename": "backend/apps/identity/tests/test_token_service.py",
        "hashed_secret": "85b6b80c17e296ae8c74848caab561628b0cdefa",
        "is_verified": false,
        "line_number": 39,
        "is_secret": false
      }
    ],
    "backend/apps/organizing/tests/test_admin_organizer_api.py": [
      {
        "type": "Secret Keyword",
        "filename": "backend/apps/organizing/tests/test_admin_organizer_api.py",
        "hashed_secret": "85b6b80c17e296ae8c74848caab561628b0cdefa",
        "is_verified": false,
        "line_number": 23,
        "is_secret": false
      }
    ],
    "backend/apps/organizing/tests/test_boundary.py": [
      {
        "type": "Secret Keyword",
        "filename": "backend/apps/organizing/tests/test_boundary.py",
        "hashed_secret": "85b6b80c17e296ae8c74848caab561628b0cdefa",
        "is_verified": false,
        "line_number": 39,
        "is_secret": false
      }
    ],
    "backend/apps/organizing/tests/test_concurrency.py": [
      {
        "type": "Secret Keyword",
        "filename": "backend/apps/organizing/tests/test_concurrency.py",
        "hashed_secret": "85b6b80c17e296ae8c74848caab561628b0cdefa",
        "is_verified": false,
        "line_number": 20,
        "is_secret": false
      }
    ],
    "backend/apps/organizing/tests/test_organizer_api.py": [
      {
        "type": "Secret Keyword",
        "filename": "backend/apps/organizing/tests/test_organizer_api.py",
        "hashed_secret": "85b6b80c17e296ae8c74848caab561628b0cdefa",
        "is_verified": false,
        "line_number": 17,
        "is_secret": false
      }
    ],
    "backend/apps/organizing/tests/test_organizer_model.py": [
      {
        "type": "Secret Keyword",
        "filename": "backend/apps/organizing/tests/test_organizer_model.py",
        "hashed_secret": "85b6b80c17e296ae8c74848caab561628b0cdefa",
        "is_verified": false,
        "line_number": 31,
        "is_secret": false
      }
    ],
    "backend/apps/organizing/tests/test_serializers.py": [
      {
        "type": "Secret Keyword",
        "filename": "backend/apps/organizing/tests/test_serializers.py",
        "hashed_secret": "85b6b80c17e296ae8c74848caab561628b0cdefa",
        "is_verified": false,
        "line_number": 105,
        "is_secret": false
      }
    ],
    "backend/apps/organizing/tests/test_transitions.py": [
      {
        "type": "Secret Keyword",
        "filename": "backend/apps/organizing/tests/test_transitions.py",
        "hashed_secret": "85b6b80c17e296ae8c74848caab561628b0cdefa",
        "is_verified": false,
        "line_number": 37,
        "is_secret": false
      }
    ],
    "backend/config/settings/prod.py": [
      {
        "type": "Secret Keyword",
        "filename": "backend/config/settings/prod.py",
        "hashed_secret": "07faa03f75eb666ca779b958ef9de5949e60b50e",
        "is_verified": false,
        "line_number": 37,
        "is_secret": false
      }
    ],
    "web/src/features/auth/LoginForm.test.tsx": [
      {
        "type": "Secret Keyword",
        "filename": "web/src/features/auth/LoginForm.test.tsx",
        "hashed_secret": "c328d10b00de34224ca7895208aee569eac677a3",
        "is_verified": false,
        "line_number": 82,
        "is_secret": false
      }
    ]
  },
  "generated_at": "2026-08-18T16:53:21Z"
}
