{
  "version": "1.5.0",
  "plugins_used": [
    {
      "name": "ArtifactoryDetector"
    },
    {
      "name": "AWSKeyDetector"
    },
    {
      "name": "AzureStorageKeyDetector"
    },
    {
      "name": "Base64HighEntropyString",
      "limit": 4.5
    },
    {
      "name": "BasicAuthDetector"
    },
    {
      "name": "CloudantDetector"
    },
    {
      "name": "DiscordBotTokenDetector"
    },
    {
      "name": "GitHubTokenDetector"
    },
    {
      "name": "GitLabTokenDetector"
    },
    {
      "name": "HexHighEntropyString",
      "limit": 3.0
    },
    {
      "name": "IbmCloudIamDetector"
    },
    {
      "name": "IbmCosHmacDetector"
    },
    {
      "name": "IPPublicDetector"
    },
    {
      "name": "JwtTokenDetector"
    },
    {
      "name": "KeywordDetector",
      "keyword_exclude": ""
    },
    {
      "name": "MailchimpDetector"
    },
    {
      "name": "NpmDetector"
    },
    {
      "name": "OpenAIDetector"
    },
    {
      "name": "PrivateKeyDetector"
    },
    {
      "name": "PypiTokenDetector"
    },
    {
      "name": "SendGridDetector"
    },
    {
      "name": "SlackDetector"
    },
    {
      "name": "SoftlayerDetector"
    },
    {
      "name": "SquareOAuthDetector"
    },
    {
      "name": "StripeDetector"
    },
    {
      "name": "TelegramBotTokenDetector"
    },
    {
      "name": "TwilioKeyDetector"
    }
  ],
  "filters_used": [
    {
      "path": "detect_secrets.filters.allowlist.is_line_allowlisted"
    },
    {
      "path": "detect_secrets.filters.common.is_baseline_file",
      "filename": ".secrets.baseline"
    },
    {
      "path": "detect_secrets.filters.common.is_ignored_due_to_verification_policies",
      "min_level": 2
    },
    {
      "path": "detect_secrets.filters.heuristic.is_indirect_reference"
    },
    {
      "path": "detect_secrets.filters.heuristic.is_likely_id_string"
    },
    {
      "path": "detect_secrets.filters.heuristic.is_lock_file"
    },
    {
      "path": "detect_secrets.filters.heuristic.is_not_alphanumeric_string"
    },
    {
      "path": "detect_secrets.filters.heuristic.is_potential_uuid"
    },
    {
      "path": "detect_secrets.filters.heuristic.is_sequential_string"
    },
    {
      "path": "detect_secrets.filters.heuristic.is_swagger_file"
    },
    {
      "path": "detect_secrets.filters.heuristic.is_templated_secret"
    }
  ],
  "results": {
    ".env.example": [
      {
        "type": "Basic Auth Credentials",
        "filename": ".env.example",
        "hashed_secret": "b34a22e4c65102b412329174ef7ed71df1549f06",
        "is_verified": false,
        "line_number": 24,
        "is_secret": false
      }
    ],
    ".env.local.example": [
      {
        "type": "Basic Auth Credentials",
        "filename": ".env.local.example",
        "hashed_secret": "b34a22e4c65102b412329174ef7ed71df1549f06",
        "is_verified": false,
        "line_number": 12,
        "is_secret": false
      }
    ],
    ".github/workflows/ci-backend.yml": [
      {
        "type": "Secret Keyword",
        "filename": ".github/workflows/ci-backend.yml",
        "hashed_secret": "523ce3b8ff6632c561b0b489e22d0a0943be4d2a",
        "is_verified": false,
        "line_number": 27,
        "is_secret": false
      },
      {
        "type": "Basic Auth Credentials",
        "filename": ".github/workflows/ci-backend.yml",
        "hashed_secret": "a1f657f3457c3c1dbb68a8d5f536f2ab78b8f9bc",
        "is_verified": false,
        "line_number": 29,
        "is_secret": false
      },
      {
        "type": "Secret Keyword",
        "filename": ".github/workflows/ci-backend.yml",
        "hashed_secret": "a1f657f3457c3c1dbb68a8d5f536f2ab78b8f9bc",
        "is_verified": false,
        "line_number": 47,
        "is_secret": false
      }
    ],
    "backend/apps/catalog/tests/test_admin_organizer_events_api.py": [
      {
        "type": "Secret Keyword",
        "filename": "backend/apps/catalog/tests/test_admin_organizer_events_api.py",
        "hashed_secret": "0c32e434602ea6a683b25959550a4be6afe37f87",
        "is_verified": false,
        "line_number": 34
      }
    ],
    "backend/apps/catalog/tests/test_event_api.py": [
      {
        "type": "Secret Keyword",
        "filename": "backend/apps/catalog/tests/test_event_api.py",
        "hashed_secret": "85b6b80c17e296ae8c74848caab561628b0cdefa",
        "is_verified": false,
        "line_number": 49
      }
    ],
    "backend/apps/catalog/tests/test_event_image_api.py": [
      {
        "type": "Secret Keyword",
        "filename": "backend/apps/catalog/tests/test_event_image_api.py",
        "hashed_secret": "85b6b80c17e296ae8c74848caab561628b0cdefa",
        "is_verified": false,
        "line_number": 69
      }
    ],
    "backend/apps/catalog/tests/test_event_lifecycle_api.py": [
      {
        "type": "Secret Keyword",
        "filename": "backend/apps/catalog/tests/test_event_lifecycle_api.py",
        "hashed_secret": "85b6b80c17e296ae8c74848caab561628b0cdefa",
        "is_verified": false,
        "line_number": 45
      }
    ],
    "backend/apps/catalog/tests/test_event_phase2_api.py": [
      {
        "type": "Secret Keyword",
        "filename": "backend/apps/catalog/tests/test_event_phase2_api.py",
        "hashed_secret": "85b6b80c17e296ae8c74848caab561628b0cdefa",
        "is_verified": false,
        "line_number": 47
      }
    ],
    "backend/apps/catalog/tests/test_event_scanner_assignment_api.py": [
      {
        "type": "Secret Keyword",
        "filename": "backend/apps/catalog/tests/test_event_scanner_assignment_api.py",
        "hashed_secret": "b13d3ce3d865dfcdfe8c09f7f4d6c9cbc98b2990",
        "is_verified": false,
        "line_number": 32
      },
      {
        "type": "Secret Keyword",
        "filename": "backend/apps/catalog/tests/test_event_scanner_assignment_api.py",
        "hashed_secret": "2fa0eaad9b1748cb0f1b241904419cc7e2854632",
        "is_verified": false,
        "line_number": 69
      }
    ],
    "backend/apps/catalog/tests/test_event_unarchive_api.py": [
      {
        "type": "Secret Keyword",
        "filename": "backend/apps/catalog/tests/test_event_unarchive_api.py",
        "hashed_secret": "85b6b80c17e296ae8c74848caab561628b0cdefa",
        "is_verified": false,
        "line_number": 39
      }
    ],
    "backend/apps/core/tests/conftest.py": [
      {
        "type": "Secret Keyword",
        "filename": "backend/apps/core/tests/conftest.py",
        "hashed_secret": "bb236d7fe31a618809eb1f8a90d4640857bebef0",
        "is_verified": false,
        "line_number": 19,
        "is_secret": false
      }
    ],
    "backend/apps/core/tests/test_fanid_email_branding.py": [
      {
        "type": "Secret Keyword",
        "filename": "backend/apps/core/tests/test_fanid_email_branding.py",
        "hashed_secret": "334335abbe2be5167cd814ec5f1200c0d5566e56",
        "is_verified": false,
        "line_number": 129
      }
    ],
    "backend/apps/core/tests/test_health_security.py": [
      {
        "type": "Basic Auth Credentials",
        "filename": "backend/apps/core/tests/test_health_security.py",
        "hashed_secret": "9d4e1e23bd5b727046a9e3b4b7db57bd8d6ee684",
        "is_verified": false,
        "line_number": 69,
        "is_secret": false
      }
    ],
    "backend/apps/core/tests/test_secret_redactor.py": [
      {
        "type": "Secret Keyword",
        "filename": "backend/apps/core/tests/test_secret_redactor.py",
        "hashed_secret": "96b829486bbf61dc1d956dd7594de428d6a518da",
        "is_verified": false,
        "line_number": 52,
        "is_secret": false
      }
    ],
    "backend/apps/core/tests/test_security.py": [
      {
        "type": "Secret Keyword",
        "filename": "backend/apps/core/tests/test_security.py",
        "hashed_secret": "8bf6528989d36628d8f066adc9d1df2bc6890e8d",
        "is_verified": false,
        "line_number": 135,
        "is_secret": false
      }
    ],
    "backend/apps/identity/constants.py": [
      {
        "type": "Secret Keyword",
        "filename": "backend/apps/identity/constants.py",
        "hashed_secret": "f62d96ed6ce9b19ada62d8f2c9d9b1c2bdb6c5d0",
        "is_verified": false,
        "line_number": 60,
        "is_secret": false
      },
      {
        "type": "Secret Keyword",
        "filename": "backend/apps/identity/constants.py",
        "hashed_secret": "08ae4c719b89460ac01158ec4157b588ff8ac111",
        "is_verified": false,
        "line_number": 99
      }
    ],
    "backend/apps/identity/services/scanner_accounts.py": [
      {
        "type": "Base64 High Entropy String",
        "filename": "backend/apps/identity/services/scanner_accounts.py",
        "hashed_secret": "3239276be3c81e9b1fb2467ca2709a553fa510bc",
        "is_verified": false,
        "line_number": 50
      },
      {
        "type": "Base64 High Entropy String",
        "filename": "backend/apps/identity/services/scanner_accounts.py",
        "hashed_secret": "da66c217a5264df2a5431563f80895510a327834",
        "is_verified": false,
        "line_number": 51
      }
    ],
    "backend/apps/identity/tests/test_authentication.py": [
      {
        "type": "Secret Keyword",
        "filename": "backend/apps/identity/tests/test_authentication.py",
        "hashed_secret": "85b6b80c17e296ae8c74848caab561628b0cdefa",
        "is_verified": false,
        "line_number": 46,
        "is_secret": false
      }
    ],
    "backend/apps/identity/tests/test_authz_permissions.py": [
      {
        "type": "Secret Keyword",
        "filename": "backend/apps/identity/tests/test_authz_permissions.py",
        "hashed_secret": "1b6daada1abffd1e5cebdd8a7b20ee52c8d1806a",
        "is_verified": false,
        "line_number": 306,
        "is_secret": false
      }
    ],
    "backend/apps/identity/tests/test_device_binding.py": [
      {
        "type": "Secret Keyword",
        "filename": "backend/apps/identity/tests/test_device_binding.py",
        "hashed_secret": "85b6b80c17e296ae8c74848caab561628b0cdefa",
        "is_verified": false,
        "line_number": 66,
        "is_secret": false
      }
    ],
    "backend/apps/identity/tests/test_device_reset.py": [
      {
        "type": "Secret Keyword",
        "filename": "backend/apps/identity/tests/test_device_reset.py",
        "hashed_secret": "85b6b80c17e296ae8c74848caab561628b0cdefa",
        "is_verified": false,
        "line_number": 39,
        "is_secret": false
      }
    ],
    "backend/apps/identity/tests/test_device_reset_endpoint.py": [
      {
        "type": "Secret Keyword",
        "filename": "backend/apps/identity/tests/test_device_reset_endpoint.py",
        "hashed_secret": "85b6b80c17e296ae8c74848caab561628b0cdefa",
        "is_verified": false,
        "line_number": 27,
        "is_secret": false
      }
    ],
    "backend/apps/identity/tests/test_device_session_mfa_constraints.py": [
      {
        "type": "Secret Keyword",
        "filename": "backend/apps/identity/tests/test_device_session_mfa_constraints.py",
        "hashed_secret": "c01c60f520649cdf717eb0dddd446c47700b801d",
        "is_verified": false,
        "line_number": 37,
        "is_secret": false
      }
    ],
    "backend/apps/identity/tests/test_devices_me_endpoint.py": [
      {
        "type": "Secret Keyword",
        "filename": "backend/apps/identity/tests/test_devices_me_endpoint.py",
        "hashed_secret": "85b6b80c17e296ae8c74848caab561628b0cdefa",
        "is_verified": false,
        "line_number": 28,
        "is_secret": false
      }
    ],
    "backend/apps/identity/tests/test_identity_constraints.py": [
      {
        "type": "Secret Keyword",
        "filename": "backend/apps/identity/tests/test_identity_constraints.py",
        "hashed_secret": "c01c60f520649cdf717eb0dddd446c47700b801d",
        "is_verified": false,
        "line_number": 65,
        "is_secret": false
      }
    ],
    "backend/apps/identity/tests/test_login.py": [
      {
        "type": "Secret Keyword",
        "filename": "backend/apps/identity/tests/test_login.py",
        "hashed_secret": "85b6b80c17e296ae8c74848caab561628b0cdefa",
        "is_verified": false,
        "line_number": 28,
        "is_secret": false
      },
      {
        "type": "Secret Keyword",
        "filename": "backend/apps/identity/tests/test_login.py",
        "hashed_secret": "1d5e249ab4fae7bfc0f80351c85ec9856761c9e5",
        "is_verified": false,
        "line_number": 85,
        "is_secret": false
      }
    ],
    "backend/apps/identity/tests/test_login_endpoint.py": [
      {
        "type": "Secret Keyword",
        "filename": "backend/apps/identity/tests/test_login_endpoint.py",
        "hashed_secret": "85b6b80c17e296ae8c74848caab561628b0cdefa",
        "is_verified": false,
        "line_number": 25,
        "is_secret": false
      },
      {
        "type": "Secret Keyword",
        "filename": "backend/apps/identity/tests/test_login_endpoint.py",
        "hashed_secret": "1d5e249ab4fae7bfc0f80351c85ec9856761c9e5",
        "is_verified": false,
        "line_number": 220,
        "is_secret": false
      }
    ],
    "backend/apps/identity/tests/test_logout.py": [
      {
        "type": "Secret Keyword",
        "filename": "backend/apps/identity/tests/test_logout.py",
        "hashed_secret": "85b6b80c17e296ae8c74848caab561628b0cdefa",
        "is_verified": false,
        "line_number": 27,
        "is_secret": false
      }
    ],
    "backend/apps/identity/tests/test_metrics_increments.py": [
      {
        "type": "Secret Keyword",
        "filename": "backend/apps/identity/tests/test_metrics_increments.py",
        "hashed_secret": "85b6b80c17e296ae8c74848caab561628b0cdefa",
        "is_verified": false,
        "line_number": 34,
        "is_secret": false
      },
      {
        "type": "Secret Keyword",
        "filename": "backend/apps/identity/tests/test_metrics_increments.py",
        "hashed_secret": "1d5e249ab4fae7bfc0f80351c85ec9856761c9e5",
        "is_verified": false,
        "line_number": 111,
        "is_secret": false
      }
    ],
    "backend/apps/identity/tests/test_password_change.py": [
      {
        "type": "Secret Keyword",
        "filename": "backend/apps/identity/tests/test_password_change.py",
        "hashed_secret": "85b6b80c17e296ae8c74848caab561628b0cdefa",
        "is_verified": false,
        "line_number": 27,
        "is_secret": false
      },
      {
        "type": "Secret Keyword",
        "filename": "backend/apps/identity/tests/test_password_change.py",
        "hashed_secret": "ee5d2e647bf9232522c646c0ca783cfea6e6d6d8",
        "is_verified": false,
        "line_number": 28,
        "is_secret": false
      },
      {
        "type": "Secret Keyword",
        "filename": "backend/apps/identity/tests/test_password_change.py",
        "hashed_secret": "d810c731ffa73c892ab603e3293df3957c3cb419",
        "is_verified": false,
        "line_number": 217,
        "is_secret": false
      },
      {
        "type": "Secret Keyword",
        "filename": "backend/apps/identity/tests/test_password_change.py",
        "hashed_secret": "5fa81d16ab509013fbd00f50dbbd15e27e1dd586",
        "is_verified": false,
        "line_number": 288,
        "is_secret": false
      }
    ],
    "backend/apps/identity/tests/test_password_reset.py": [
      {
        "type": "Secret Keyword",
        "filename": "backend/apps/identity/tests/test_password_reset.py",
        "hashed_secret": "85b6b80c17e296ae8c74848caab561628b0cdefa",
        "is_verified": false,
        "line_number": 37
      },
      {
        "type": "Secret Keyword",
        "filename": "backend/apps/identity/tests/test_password_reset.py",
        "hashed_secret": "ee5d2e647bf9232522c646c0ca783cfea6e6d6d8",
        "is_verified": false,
        "line_number": 38
      }
    ],
    "backend/apps/identity/tests/test_profile_endpoint.py": [
      {
        "type": "Secret Keyword",
        "filename": "backend/apps/identity/tests/test_profile_endpoint.py",
        "hashed_secret": "85b6b80c17e296ae8c74848caab561628b0cdefa",
        "is_verified": false,
        "line_number": 27,
        "is_secret": false
      }
    ],
    "backend/apps/identity/tests/test_refresh.py": [
      {
        "type": "Secret Keyword",
        "filename": "backend/apps/identity/tests/test_refresh.py",
        "hashed_secret": "85b6b80c17e296ae8c74848caab561628b0cdefa",
        "is_verified": false,
        "line_number": 38,
        "is_secret": false
      }
    ],
    "backend/apps/identity/tests/test_refresh_endpoint.py": [
      {
        "type": "Secret Keyword",
        "filename": "backend/apps/identity/tests/test_refresh_endpoint.py",
        "hashed_secret": "85b6b80c17e296ae8c74848caab561628b0cdefa",
        "is_verified": false,
        "line_number": 25,
        "is_secret": false
      }
    ],
    "backend/apps/identity/tests/test_registration.py": [
      {
        "type": "Secret Keyword",
        "filename": "backend/apps/identity/tests/test_registration.py",
        "hashed_secret": "85b6b80c17e296ae8c74848caab561628b0cdefa",
        "is_verified": false,
        "line_number": 26,
        "is_secret": false
      },
      {
        "type": "Secret Keyword",
        "filename": "backend/apps/identity/tests/test_registration.py",
        "hashed_secret": "cdcee174fffe68f5e0c21419e08e5ab199740f52",
        "is_verified": false,
        "line_number": 259,
        "is_secret": false
      }
    ],
    "backend/apps/identity/tests/test_sessions_endpoint.py": [
      {
        "type": "Secret Keyword",
        "filename": "backend/apps/identity/tests/test_sessions_endpoint.py",
        "hashed_secret": "85b6b80c17e296ae8c74848caab561628b0cdefa",
        "is_verified": false,
        "line_number": 30,
        "is_secret": false
      }
    ],
    "backend/apps/identity/tests/test_step_up.py": [
      {
        "type": "Secret Keyword",
        "filename": "backend/apps/identity/tests/test_step_up.py",
        "hashed_secret": "85b6b80c17e296ae8c74848caab561628b0cdefa",
        "is_verified": false,
        "line_number": 22,
        "is_secret": false
      }
    ],
    "backend/apps/identity/tests/test_step_up_endpoint.py": [
      {
        "type": "Secret Keyword",
        "filename": "backend/apps/identity/tests/test_step_up_endpoint.py",
        "hashed_secret": "85b6b80c17e296ae8c74848caab561628b0cdefa",
        "is_verified": false,
        "line_number": 22,
        "is_secret": false
      }
    ],
    "backend/apps/identity/tests/test_token_service.py": [
      {
        "type": "Secret Keyword",
        "filename": "backend/apps/identity/tests/test_token_service.py",
        "hashed_secret": "85b6b80c17e296ae8c74848caab561628b0cdefa",
        "is_verified": false,
        "line_number": 39,
        "is_secret": false
      }
    ],
    "backend/apps/notifying/tests/test_organizer_email_notifications.py": [
      {
        "type": "Secret Keyword",
        "filename": "backend/apps/notifying/tests/test_organizer_email_notifications.py",
        "hashed_secret": "85b6b80c17e296ae8c74848caab561628b0cdefa",
        "is_verified": false,
        "line_number": 41
      }
    ],
    "backend/apps/organizing/tests/test_admin_organizer_api.py": [
      {
        "type": "Secret Keyword",
        "filename": "backend/apps/organizing/tests/test_admin_organizer_api.py",
        "hashed_secret": "85b6b80c17e296ae8c74848caab561628b0cdefa",
        "is_verified": false,
        "line_number": 29,
        "is_secret": false
      }
    ],
    "backend/apps/organizing/tests/test_boundary.py": [
      {
        "type": "Secret Keyword",
        "filename": "backend/apps/organizing/tests/test_boundary.py",
        "hashed_secret": "85b6b80c17e296ae8c74848caab561628b0cdefa",
        "is_verified": false,
        "line_number": 42,
        "is_secret": false
      }
    ],
    "backend/apps/organizing/tests/test_concurrency.py": [
      {
        "type": "Secret Keyword",
        "filename": "backend/apps/organizing/tests/test_concurrency.py",
        "hashed_secret": "85b6b80c17e296ae8c74848caab561628b0cdefa",
        "is_verified": false,
        "line_number": 20,
        "is_secret": false
      }
    ],
    "backend/apps/organizing/tests/test_organizer_api.py": [
      {
        "type": "Secret Keyword",
        "filename": "backend/apps/organizing/tests/test_organizer_api.py",
        "hashed_secret": "85b6b80c17e296ae8c74848caab561628b0cdefa",
        "is_verified": false,
        "line_number": 17,
        "is_secret": false
      }
    ],
    "backend/apps/organizing/tests/test_organizer_model.py": [
      {
        "type": "Secret Keyword",
        "filename": "backend/apps/organizing/tests/test_organizer_model.py",
        "hashed_secret": "85b6b80c17e296ae8c74848caab561628b0cdefa",
        "is_verified": false,
        "line_number": 31,
        "is_secret": false
      }
    ],
    "backend/apps/organizing/tests/test_organizer_reactivation_api.py": [
      {
        "type": "Secret Keyword",
        "filename": "backend/apps/organizing/tests/test_organizer_reactivation_api.py",
        "hashed_secret": "b13d3ce3d865dfcdfe8c09f7f4d6c9cbc98b2990",
        "is_verified": false,
        "line_number": 31
      }
    ],
    "backend/apps/organizing/tests/test_scanner_archive_api.py": [
      {
        "type": "Secret Keyword",
        "filename": "backend/apps/organizing/tests/test_scanner_archive_api.py",
        "hashed_secret": "551a6b5f5cf0b88e76c8d371ce5d6b1cfe91c23e",
        "is_verified": false,
        "line_number": 26
      }
    ],
    "backend/apps/organizing/tests/test_scanner_archived_listing_api.py": [
      {
        "type": "Secret Keyword",
        "filename": "backend/apps/organizing/tests/test_scanner_archived_listing_api.py",
        "hashed_secret": "b13d3ce3d865dfcdfe8c09f7f4d6c9cbc98b2990",
        "is_verified": false,
        "line_number": 20
      }
    ],
    "backend/apps/organizing/tests/test_scanner_invitation_api.py": [
      {
        "type": "Secret Keyword",
        "filename": "backend/apps/organizing/tests/test_scanner_invitation_api.py",
        "hashed_secret": "b13d3ce3d865dfcdfe8c09f7f4d6c9cbc98b2990",
        "is_verified": false,
        "line_number": 50
      },
      {
        "type": "Secret Keyword",
        "filename": "backend/apps/organizing/tests/test_scanner_invitation_api.py",
        "hashed_secret": "d677857853dd049198cd812ef5526772aba4c2fe",
        "is_verified": false,
        "line_number": 52
      }
    ],
    "backend/apps/organizing/tests/test_scanner_invitation_resend_api.py": [
      {
        "type": "Secret Keyword",
        "filename": "backend/apps/organizing/tests/test_scanner_invitation_resend_api.py",
        "hashed_secret": "b13d3ce3d865dfcdfe8c09f7f4d6c9cbc98b2990",
        "is_verified": false,
        "line_number": 22
      }
    ],
    "backend/apps/organizing/tests/test_scanner_leave_api.py": [
      {
        "type": "Secret Keyword",
        "filename": "backend/apps/organizing/tests/test_scanner_leave_api.py",
        "hashed_secret": "551a6b5f5cf0b88e76c8d371ce5d6b1cfe91c23e",
        "is_verified": false,
        "line_number": 58
      }
    ],
    "backend/apps/organizing/tests/test_scanner_listing_api.py": [
      {
        "type": "Secret Keyword",
        "filename": "backend/apps/organizing/tests/test_scanner_listing_api.py",
        "hashed_secret": "b13d3ce3d865dfcdfe8c09f7f4d6c9cbc98b2990",
        "is_verified": false,
        "line_number": 20
      }
    ],
    "backend/apps/organizing/tests/test_scanner_password_help_api.py": [
      {
        "type": "Secret Keyword",
        "filename": "backend/apps/organizing/tests/test_scanner_password_help_api.py",
        "hashed_secret": "b13d3ce3d865dfcdfe8c09f7f4d6c9cbc98b2990",
        "is_verified": false,
        "line_number": 28
      }
    ],
    "backend/apps/organizing/tests/test_scanner_password_help_notifications.py": [
      {
        "type": "Secret Keyword",
        "filename": "backend/apps/organizing/tests/test_scanner_password_help_notifications.py",
        "hashed_secret": "b13d3ce3d865dfcdfe8c09f7f4d6c9cbc98b2990",
        "is_verified": false,
        "line_number": 36
      }
    ],
    "backend/apps/organizing/tests/test_scanner_revocation_api.py": [
      {
        "type": "Secret Keyword",
        "filename": "backend/apps/organizing/tests/test_scanner_revocation_api.py",
        "hashed_secret": "b13d3ce3d865dfcdfe8c09f7f4d6c9cbc98b2990",
        "is_verified": false,
        "line_number": 52
      }
    ],
    "backend/apps/organizing/tests/test_scanner_security_otp.py": [
      {
        "type": "Secret Keyword",
        "filename": "backend/apps/organizing/tests/test_scanner_security_otp.py",
        "hashed_secret": "0aac5c4f0c15c7a6ef1d3831426ecb85bacc3c90",
        "is_verified": false,
        "line_number": 42
      },
      {
        "type": "Secret Keyword",
        "filename": "backend/apps/organizing/tests/test_scanner_security_otp.py",
        "hashed_secret": "9ca0aa0aa44e2da8461c288b537700ba1cfcd59b",
        "is_verified": false,
        "line_number": 59
      }
    ],
    "backend/apps/organizing/tests/test_serializers.py": [
      {
        "type": "Secret Keyword",
        "filename": "backend/apps/organizing/tests/test_serializers.py",
        "hashed_secret": "85b6b80c17e296ae8c74848caab561628b0cdefa",
        "is_verified": false,
        "line_number": 105,
        "is_secret": false
      }
    ],
    "backend/apps/organizing/tests/test_transitions.py": [
      {
        "type": "Secret Keyword",
        "filename": "backend/apps/organizing/tests/test_transitions.py",
        "hashed_secret": "85b6b80c17e296ae8c74848caab561628b0cdefa",
        "is_verified": false,
        "line_number": 37,
        "is_secret": false
      }
    ],
    "backend/config/settings/prod.py": [
      {
        "type": "Secret Keyword",
        "filename": "backend/config/settings/prod.py",
        "hashed_secret": "07faa03f75eb666ca779b958ef9de5949e60b50e",
        "is_verified": false,
        "line_number": 37,
        "is_secret": false
      }
    ],
    "mobile/.metadata": [
      {
        "type": "Hex High Entropy String",
        "filename": "mobile/.metadata",
        "hashed_secret": "94dfc3e98263f85c4910de71d70ee32191b6e914",
        "is_verified": false,
        "line_number": 7
      }
    ],
    "mobile/lib/features/auth/presentation/pages/forgot_password_confirm_page.dart": [
      {
        "type": "Secret Keyword",
        "filename": "mobile/lib/features/auth/presentation/pages/forgot_password_confirm_page.dart",
        "hashed_secret": "480d3ea9ce4a6835f8ff39621d8b08366b5b4972",
        "is_verified": false,
        "line_number": 64
      }
    ],
    "mobile/test/features/auth/data/datasources/auth_remote_data_source_test.dart": [
      {
        "type": "Secret Keyword",
        "filename": "mobile/test/features/auth/data/datasources/auth_remote_data_source_test.dart",
        "hashed_secret": "d3e60f1fab903b15078d18b58491e9850db5a9d6",
        "is_verified": false,
        "line_number": 35
      },
      {
        "type": "Secret Keyword",
        "filename": "mobile/test/features/auth/data/datasources/auth_remote_data_source_test.dart",
        "hashed_secret": "e5e9fa1ba31ecd1ae84f75caaa474f3a663f05f4",
        "is_verified": false,
        "line_number": 213
      },
      {
        "type": "Secret Keyword",
        "filename": "mobile/test/features/auth/data/datasources/auth_remote_data_source_test.dart",
        "hashed_secret": "a4b48a81cdab1e1a5dd37907d6c85ca1c61ddc7c",
        "is_verified": false,
        "line_number": 401
      }
    ],
    "mobile/test/features/auth/data/repositories/auth_repository_impl_test.dart": [
      {
        "type": "Secret Keyword",
        "filename": "mobile/test/features/auth/data/repositories/auth_repository_impl_test.dart",
        "hashed_secret": "d3e60f1fab903b15078d18b58491e9850db5a9d6",
        "is_verified": false,
        "line_number": 132
      },
      {
        "type": "Secret Keyword",
        "filename": "mobile/test/features/auth/data/repositories/auth_repository_impl_test.dart",
        "hashed_secret": "e5e9fa1ba31ecd1ae84f75caaa474f3a663f05f4",
        "is_verified": false,
        "line_number": 158
      },
      {
        "type": "Secret Keyword",
        "filename": "mobile/test/features/auth/data/repositories/auth_repository_impl_test.dart",
        "hashed_secret": "a4b48a81cdab1e1a5dd37907d6c85ca1c61ddc7c",
        "is_verified": false,
        "line_number": 176
      }
    ],
    "mobile/test/features/auth/domain/usecases/login_use_case_test.dart": [
      {
        "type": "Secret Keyword",
        "filename": "mobile/test/features/auth/domain/usecases/login_use_case_test.dart",
        "hashed_secret": "e5e9fa1ba31ecd1ae84f75caaa474f3a663f05f4",
        "is_verified": false,
        "line_number": 96
      }
    ],
    "mobile/test/features/auth/domain/usecases/register_use_case_test.dart": [
      {
        "type": "Secret Keyword",
        "filename": "mobile/test/features/auth/domain/usecases/register_use_case_test.dart",
        "hashed_secret": "d3e60f1fab903b15078d18b58491e9850db5a9d6",
        "is_verified": false,
        "line_number": 85
      }
    ],
    "mobile/test/features/auth/domain/usecases/request_device_reset_use_case_test.dart": [
      {
        "type": "Secret Keyword",
        "filename": "mobile/test/features/auth/domain/usecases/request_device_reset_use_case_test.dart",
        "hashed_secret": "e5e9fa1ba31ecd1ae84f75caaa474f3a663f05f4",
        "is_verified": false,
        "line_number": 68
      }
    ],
    "mobile/test/features/auth/presentation/controllers/auth_controller_test.dart": [
      {
        "type": "Secret Keyword",
        "filename": "mobile/test/features/auth/presentation/controllers/auth_controller_test.dart",
        "hashed_secret": "e5e9fa1ba31ecd1ae84f75caaa474f3a663f05f4",
        "is_verified": false,
        "line_number": 178
      }
    ],
    "mobile/test/features/auth/presentation/controllers/device_reset_controller_test.dart": [
      {
        "type": "Secret Keyword",
        "filename": "mobile/test/features/auth/presentation/controllers/device_reset_controller_test.dart",
        "hashed_secret": "e5e9fa1ba31ecd1ae84f75caaa474f3a663f05f4",
        "is_verified": false,
        "line_number": 108
      }
    ],
    "mobile/test/features/auth/presentation/controllers/register_controller_test.dart": [
      {
        "type": "Secret Keyword",
        "filename": "mobile/test/features/auth/presentation/controllers/register_controller_test.dart",
        "hashed_secret": "d3e60f1fab903b15078d18b58491e9850db5a9d6",
        "is_verified": false,
        "line_number": 96
      }
    ],
    "web/src/features/auth/LoginForm.test.tsx": [
      {
        "type": "Secret Keyword",
        "filename": "web/src/features/auth/LoginForm.test.tsx",
        "hashed_secret": "c328d10b00de34224ca7895208aee569eac677a3",
        "is_verified": false,
        "line_number": 115,
        "is_secret": false
      }
    ],
    "web/src/features/auth/PasswordChangePage.tsx": [
      {
        "type": "Secret Keyword",
        "filename": "web/src/features/auth/PasswordChangePage.tsx",
        "hashed_secret": "a3e897ef6819f5c78e1a745c1a67d1d2aa470154",
        "is_verified": false,
        "line_number": 105
      }
    ],
    "web/src/features/auth/PasswordResetPages.test.tsx": [
      {
        "type": "Secret Keyword",
        "filename": "web/src/features/auth/PasswordResetPages.test.tsx",
        "hashed_secret": "ee5d2e647bf9232522c646c0ca783cfea6e6d6d8",
        "is_verified": false,
        "line_number": 91
      }
    ],
    "web/src/features/organizers/OrganizerRegistrationPage.test.tsx": [
      {
        "type": "Secret Keyword",
        "filename": "web/src/features/organizers/OrganizerRegistrationPage.test.tsx",
        "hashed_secret": "85b6b80c17e296ae8c74848caab561628b0cdefa",
        "is_verified": false,
        "line_number": 218
      }
    ],
    "web/src/features/organizers/scannerPasswordReissue.test.ts": [
      {
        "type": "Secret Keyword",
        "filename": "web/src/features/organizers/scannerPasswordReissue.test.ts",
        "hashed_secret": "134d1fe73c5a44c8e986a08ce9475152f40361a7",
        "is_verified": false,
        "line_number": 36
      }
    ],
    "web/src/features/sessions/SessionsPage.test.tsx": [
      {
        "type": "Secret Keyword",
        "filename": "web/src/features/sessions/SessionsPage.test.tsx",
        "hashed_secret": "fad679e80ffa53377ac6ca12eeae3d81ff7014df",
        "is_verified": false,
        "line_number": 292
      }
    ]
  },
  "generated_at": "2026-09-01T18:08:29Z"
}
